---
source: crates/planarc/src/lowering/query.rs
expression: ast
---
QueryDefinition {
    vis: Private,
    name: "empty" @ Span { start: 6, end: 11, line: 1, col: 7, line_end: 0, col_end: 11 },
    value: " " @ Span { start: 15, end: 16, line: 1, col: 16, line_end: 0, col_end: 16 },
    captures: [],
} @ Span { start: 0, end: 17, line: 1, col: 1, line_end: 0, col_end: 17 }
